// Jest Snapshot v1, https://goo.gl/fbAQLP

exports[`Button Component renders correctly matches snapshot 1`] = `
<button>
  hello world
</button>
`;
