// Jest Snapshot v1, https://goo.gl/fbAQLP

exports[`Header Component renders correctly matches snapshot 1`] = `
<h1
  className="Header"
>
  Hello world
</h1>
`;
