// Jest Snapshot v1, https://goo.gl/fbAQLP

exports[`Button Component renders correctly matches snapshot 1`] = `
<button
  className="button sm"
  style={
    Object {
      "backgroundColor": "green",
      "color": "#f2ff40",
    }
  }
>
  hello world
</button>
`;
