// Jest Snapshot v1, https://goo.gl/fbAQLP

exports[`Header Component renders correctly matches snapshot 1`] = `
<h1
  className="header"
  style={
    Object {
      "fontSize": "40px",
    }
  }
>
  Hello world
</h1>
`;
